// Jest Snapshot v1, https://goo.gl/fbAQLP

exports[`Snapshot Test Input Component 1`] = `[Function]`;
