// Jest Snapshot v1, https://goo.gl/fbAQLP

exports[`Snapshot Test ListIngredients Component 1`] = `[Function]`;
