// Jest Snapshot v1, https://goo.gl/fbAQLP

exports[`Snapshot Test RecipeItem Component 1`] = `[Function]`;
